Skipping image OS validation for hb__77d08fbf8985f5f12a770263d301148b: docker inspect returned 1
Skipping image OS validation for hb__77d08fbf8985f5f12a770263d301148b: docker inspect returned 1
Skipping image OS validation for hb__77d08fbf8985f5f12a770263d301148b: docker inspect returned 1
Skipping image OS validation for hb__77d08fbf8985f5f12a770263d301148b: docker inspect returned 1
Skipping image OS validation for hb__77d08fbf8985f5f12a770263d301148b: docker inspect returned 1
Collecting main service artifacts
Stopping main service before sidecar evidence collection
Main service stopped
Collecting sidecar artifacts from services: ['clinic']
Running collect hook in service 'clinic': 'python /app/control.py collect'
Collect hook in service 'clinic' completed
Skipping image OS validation for hb__007f4e1c859fb0e0abef3e80310fa41b: docker inspect returned 1
Collecting main service artifacts
Stopping main service before sidecar evidence collection
Main service stopped
Collecting sidecar artifacts from services: ['clinic']
Running collect hook in service 'clinic': 'python /app/control.py collect'
Collect hook in service 'clinic' completed
Collecting main service artifacts
Stopping main service before sidecar evidence collection
Main service stopped
Collecting sidecar artifacts from services: ['clinic']
Running collect hook in service 'clinic': 'python /app/control.py collect'
Skipping image OS validation for hb__007f4e1c859fb0e0abef3e80310fa41b: docker inspect returned 1
Collect hook in service 'clinic' completed
Collecting main service artifacts
Stopping main service before sidecar evidence collection
Skipping image OS validation for hb__007f4e1c859fb0e0abef3e80310fa41b: docker inspect returned 1
Main service stopped
Collecting sidecar artifacts from services: ['clinic']
Running collect hook in service 'clinic': 'python /app/control.py collect'
Collect hook in service 'clinic' completed
Skipping image OS validation for hb__007f4e1c859fb0e0abef3e80310fa41b: docker inspect returned 1
Collecting main service artifacts
Stopping main service before sidecar evidence collection
Main service stopped
Collecting sidecar artifacts from services: ['clinic']
Running collect hook in service 'clinic': 'python /app/control.py collect'
Collect hook in service 'clinic' completed
Skipping image OS validation for hb__007f4e1c859fb0e0abef3e80310fa41b: docker inspect returned 1
