Skipping image OS validation for hb__e9eb7df2be1578b53de1beb402a3ed16: docker inspect returned 1
Skipping image OS validation for hb__e9eb7df2be1578b53de1beb402a3ed16: docker inspect returned 1
Skipping image OS validation for hb__e9eb7df2be1578b53de1beb402a3ed16: docker inspect returned 1
Skipping image OS validation for hb__e9eb7df2be1578b53de1beb402a3ed16: docker inspect returned 1
Skipping image OS validation for hb__e9eb7df2be1578b53de1beb402a3ed16: docker inspect returned 1
Collecting main service artifacts
Stopping main service before sidecar evidence collection
Collecting main service artifacts
Stopping main service before sidecar evidence collection
Main service stopped
Collecting sidecar artifacts from services: ['clinic']
Running collect hook in service 'clinic': 'python /app/control.py collect'
Collect hook in service 'clinic' completed
Main service stopped
Collecting sidecar artifacts from services: ['clinic']
Running collect hook in service 'clinic': 'python /app/control.py collect'
Collect hook in service 'clinic' completed
Collecting main service artifacts
Stopping main service before sidecar evidence collection
Collecting main service artifacts
Stopping main service before sidecar evidence collection
Main service stopped
Collecting sidecar artifacts from services: ['clinic']
Running collect hook in service 'clinic': 'python /app/control.py collect'
Skipping image OS validation for hb__d96919d5c783c3ac8a57c97f939c919c: docker inspect returned 1
Collect hook in service 'clinic' completed
Skipping image OS validation for hb__d96919d5c783c3ac8a57c97f939c919c: docker inspect returned 1
Collecting main service artifacts
Stopping main service before sidecar evidence collection
Main service stopped
Collecting sidecar artifacts from services: ['clinic']
Running collect hook in service 'clinic': 'python /app/control.py collect'
Collect hook in service 'clinic' completed
Main service stopped
Collecting sidecar artifacts from services: ['clinic']
Running collect hook in service 'clinic': 'python /app/control.py collect'
Collect hook in service 'clinic' completed
Skipping image OS validation for hb__d96919d5c783c3ac8a57c97f939c919c: docker inspect returned 1
Skipping image OS validation for hb__d96919d5c783c3ac8a57c97f939c919c: docker inspect returned 1
Skipping image OS validation for hb__d96919d5c783c3ac8a57c97f939c919c: docker inspect returned 1
