Agent 'oracle' does not declare an options_model; leftover kwargs are ignored
Agent 'oracle' does not declare an options_model; leftover kwargs are ignored
Agent 'oracle' does not declare an options_model; leftover kwargs are ignored
Agent 'oracle' does not declare an options_model; leftover kwargs are ignored
Agent 'oracle' does not declare an options_model; leftover kwargs are ignored
Agent 'oracle' does not declare an options_model; leftover kwargs are ignored
Agent 'oracle' does not declare an options_model; leftover kwargs are ignored
Agent 'oracle' does not declare an options_model; leftover kwargs are ignored
Agent 'oracle' does not declare an options_model; leftover kwargs are ignored
Agent 'oracle' does not declare an options_model; leftover kwargs are ignored
Skipping image OS validation for hb__58ad6e82636e79f611dad4b200e9436b: docker inspect returned 1
Skipping image OS validation for hb__58ad6e82636e79f611dad4b200e9436b: docker inspect returned 1
Skipping image OS validation for hb__58ad6e82636e79f611dad4b200e9436b: docker inspect returned 1
Skipping image OS validation for hb__58ad6e82636e79f611dad4b200e9436b: docker inspect returned 1
Skipping image OS validation for hb__58ad6e82636e79f611dad4b200e9436b: docker inspect returned 1
Skipping image OS validation for hb__58ad6e82636e79f611dad4b200e9436b: docker inspect returned 1
Skipping image OS validation for hb__58ad6e82636e79f611dad4b200e9436b: docker inspect returned 1
Skipping image OS validation for hb__58ad6e82636e79f611dad4b200e9436b: docker inspect returned 1
Skipping image OS validation for hb__58ad6e82636e79f611dad4b200e9436b: docker inspect returned 1
Skipping image OS validation for hb__58ad6e82636e79f611dad4b200e9436b: docker inspect returned 1
Collecting main service artifacts
Collecting main service artifacts
Collecting main service artifacts
Collecting main service artifacts
Stopping main service before sidecar evidence collection
Stopping main service before sidecar evidence collection
Stopping main service before sidecar evidence collection
Stopping main service before sidecar evidence collection
Collecting main service artifacts
Collecting main service artifacts
Collecting main service artifacts
Stopping main service before sidecar evidence collection
Stopping main service before sidecar evidence collection
Collecting main service artifacts
Stopping main service before sidecar evidence collection
Stopping main service before sidecar evidence collection
Main service stopped
Collecting sidecar artifacts from services: ['clinic']
Running collect hook in service 'clinic': 'python /app/control.py collect'
Main service stopped
Collecting sidecar artifacts from services: ['clinic']
Running collect hook in service 'clinic': 'python /app/control.py collect'
Main service stopped
Collecting sidecar artifacts from services: ['clinic']
Running collect hook in service 'clinic': 'python /app/control.py collect'
Collect hook in service 'clinic' completed
Collect hook in service 'clinic' completed
Main service stopped
Collecting sidecar artifacts from services: ['clinic']
Running collect hook in service 'clinic': 'python /app/control.py collect'
Main service stopped
Collecting sidecar artifacts from services: ['clinic']
Running collect hook in service 'clinic': 'python /app/control.py collect'
Main service stopped
Collecting sidecar artifacts from services: ['clinic']
Running collect hook in service 'clinic': 'python /app/control.py collect'
Collect hook in service 'clinic' completed
Collect hook in service 'clinic' completed
Main service stopped
Collecting sidecar artifacts from services: ['clinic']
Running collect hook in service 'clinic': 'python /app/control.py collect'
Main service stopped
Collecting sidecar artifacts from services: ['clinic']
Running collect hook in service 'clinic': 'python /app/control.py collect'
Collect hook in service 'clinic' completed
Collect hook in service 'clinic' completed
Collect hook in service 'clinic' completed
Collecting main service artifacts
Collect hook in service 'clinic' completed
Collecting main service artifacts
Stopping main service before sidecar evidence collection
Stopping main service before sidecar evidence collection
Main service stopped
Collecting sidecar artifacts from services: ['clinic']
Running collect hook in service 'clinic': 'python /app/control.py collect'
Main service stopped
Collecting sidecar artifacts from services: ['clinic']
Running collect hook in service 'clinic': 'python /app/control.py collect'
Collect hook in service 'clinic' completed
Collect hook in service 'clinic' completed
Skipping image OS validation for hb__ec3ffe1ad307d46221e1ee3674042375: docker inspect returned 1
Skipping image OS validation for hb__ec3ffe1ad307d46221e1ee3674042375: docker inspect returned 1
Skipping image OS validation for hb__ec3ffe1ad307d46221e1ee3674042375: docker inspect returned 1
Skipping image OS validation for hb__ec3ffe1ad307d46221e1ee3674042375: docker inspect returned 1
Skipping image OS validation for hb__ec3ffe1ad307d46221e1ee3674042375: docker inspect returned 1
Skipping image OS validation for hb__ec3ffe1ad307d46221e1ee3674042375: docker inspect returned 1
Skipping image OS validation for hb__ec3ffe1ad307d46221e1ee3674042375: docker inspect returned 1
Skipping image OS validation for hb__ec3ffe1ad307d46221e1ee3674042375: docker inspect returned 1
Skipping image OS validation for hb__ec3ffe1ad307d46221e1ee3674042375: docker inspect returned 1
Skipping image OS validation for hb__ec3ffe1ad307d46221e1ee3674042375: docker inspect returned 1
