Skipping image OS validation for hb__c68d97b79b56194947879ff4f44bd8a8: docker inspect returned 1
Skipping image OS validation for hb__c68d97b79b56194947879ff4f44bd8a8: docker inspect returned 1
Skipping image OS validation for hb__c68d97b79b56194947879ff4f44bd8a8: docker inspect returned 1
Skipping image OS validation for hb__c68d97b79b56194947879ff4f44bd8a8: docker inspect returned 1
Skipping image OS validation for hb__c68d97b79b56194947879ff4f44bd8a8: docker inspect returned 1
Collecting main service artifacts
Stopping main service before sidecar evidence collection
Main service stopped
Collecting sidecar artifacts from services: ['clinic']
Running collect hook in service 'clinic': 'python /app/control.py collect'
Collect hook in service 'clinic' completed
Skipping image OS validation for hb__56136303f6a2a4fe348fab444900d05a: docker inspect returned 1
Collecting main service artifacts
Stopping main service before sidecar evidence collection
Main service stopped
Collecting sidecar artifacts from services: ['clinic']
Running collect hook in service 'clinic': 'python /app/control.py collect'
Collect hook in service 'clinic' completed
Skipping image OS validation for hb__56136303f6a2a4fe348fab444900d05a: docker inspect returned 1
Collecting main service artifacts
Stopping main service before sidecar evidence collection
Main service stopped
Collecting sidecar artifacts from services: ['clinic']
Running collect hook in service 'clinic': 'python /app/control.py collect'
Collect hook in service 'clinic' completed
Skipping image OS validation for hb__56136303f6a2a4fe348fab444900d05a: docker inspect returned 1
Collecting main service artifacts
Stopping main service before sidecar evidence collection
Main service stopped
Collecting sidecar artifacts from services: ['clinic']
Running collect hook in service 'clinic': 'python /app/control.py collect'
Collect hook in service 'clinic' completed
Skipping image OS validation for hb__56136303f6a2a4fe348fab444900d05a: docker inspect returned 1
Collecting main service artifacts
Stopping main service before sidecar evidence collection
Main service stopped
Collecting sidecar artifacts from services: ['clinic']
Running collect hook in service 'clinic': 'python /app/control.py collect'
Collect hook in service 'clinic' completed
Skipping image OS validation for hb__56136303f6a2a4fe348fab444900d05a: docker inspect returned 1
