Skipping image OS validation for hb__df2279ade4e1885ff3367cee2077b466: docker inspect returned 1
Skipping image OS validation for hb__df2279ade4e1885ff3367cee2077b466: docker inspect returned 1
Skipping image OS validation for hb__df2279ade4e1885ff3367cee2077b466: docker inspect returned 1
Skipping image OS validation for hb__df2279ade4e1885ff3367cee2077b466: docker inspect returned 1
Skipping image OS validation for hb__df2279ade4e1885ff3367cee2077b466: docker inspect returned 1
Collecting main service artifacts
Stopping main service before sidecar evidence collection
Main service stopped
Collecting sidecar artifacts from services: ['clinic']
Running collect hook in service 'clinic': 'python /app/control.py collect'
Collect hook in service 'clinic' completed
Skipping image OS validation for hb__a126728810fae9f5e6b761644b664a6c: docker inspect returned 1
Collecting main service artifacts
Stopping main service before sidecar evidence collection
Main service stopped
Collecting sidecar artifacts from services: ['clinic']
Running collect hook in service 'clinic': 'python /app/control.py collect'
Collect hook in service 'clinic' completed
Skipping image OS validation for hb__a126728810fae9f5e6b761644b664a6c: docker inspect returned 1
Collecting main service artifacts
Stopping main service before sidecar evidence collection
Main service stopped
Collecting sidecar artifacts from services: ['clinic']
Running collect hook in service 'clinic': 'python /app/control.py collect'
Collect hook in service 'clinic' completed
Skipping image OS validation for hb__a126728810fae9f5e6b761644b664a6c: docker inspect returned 1
Collecting main service artifacts
Stopping main service before sidecar evidence collection
Main service stopped
Collecting sidecar artifacts from services: ['clinic']
Running collect hook in service 'clinic': 'python /app/control.py collect'
Collect hook in service 'clinic' completed
Skipping image OS validation for hb__a126728810fae9f5e6b761644b664a6c: docker inspect returned 1
Collecting main service artifacts
Stopping main service before sidecar evidence collection
Main service stopped
Collecting sidecar artifacts from services: ['clinic']
Running collect hook in service 'clinic': 'python /app/control.py collect'
Collect hook in service 'clinic' completed
Skipping image OS validation for hb__a126728810fae9f5e6b761644b664a6c: docker inspect returned 1
